 
****************************************
Report : area
Design : bp_softcore
Version: M-2016.12-SP5-3
Date   : Thu Mar 19 18:09:50 2020
****************************************

Library(s) Used:

    saed90nm_typ (File: /home/projects/vlsi/common/ee477/kits/wi18/saed-90nm/stdview/stdcells.db)
    saed90_64x512_1P_BM (File: /home/ethanwyr/EE477/FinalProject/ee477-chip/memories/saed90_64x512_1P_BM/saed90_64x512_1P_BM.db)
    saed90_64x32_2P (File: /home/ethanwyr/EE477/FinalProject/ee477-chip/memories/saed90_64x32_2P/saed90_64x32_2P.db)

Number of ports:                          748
Number of nets:                          3485
Number of cells:                          976
Number of combinational cells:            969
Number of sequential cells:                 0
Number of macros/black boxes:               6
Number of buf/inv:                        491
Number of references:                      30

Combinational area:            1142725.942970
Buf/Inv area:                    70183.527651
Noncombinational area:         1069436.607553
Macro/Black Box area:           367620.921875
Net Interconnect area:         1079401.722080

Total cell area:               2579783.472398
Total area:                    3659185.194478

Hierarchical area distribution
------------------------------

                                  Global cell area                   Local cell area
                                  ---------------------  --------------------------------------- 
Hierarchical cell                 Absolute      Percent  Combi-        Noncombi-     Black-
                                  Total         Total    national      national      boxes        Design
--------------------------------  ------------  -------  ------------  ------------  -----------  -------------------------------------------------------------------------
bp_softcore                       2579783.4724    100.0     9764.3520        0.0000       0.0000  bp_softcore
clint                               29278.3104      1.1       35.0208        0.0000       0.0000  bp_clint_slice_buffered_02_0
clint/clint_slice                   10063.8720      0.4     1334.4768        0.0000       0.0000  bp_clint_slice_02_0
clint/clint_slice/bsg_rtc_strobe      444.2112      0.0        7.3728       24.8832       0.0000  bsg_strobe_width_p5_0
clint/clint_slice/bsg_rtc_strobe/C_reg      99.5328     0.0       0.0000      99.5328      0.0000 bsg_dff_width_p4_harden_p0_strength_p2_0
clint/clint_slice/bsg_rtc_strobe/S_reg     124.4160     0.0       0.0000     124.4160      0.0000 bsg_dff_width_p5_harden_p0_strength_p4_0
clint/clint_slice/bsg_rtc_strobe/andr      16.5888     0.0      16.5888       0.0000      0.0000  bsg_reduce_width_p5_and_p1_harden_p1_0
clint/clint_slice/bsg_rtc_strobe/muxi2_S_n      49.7664     0.0      49.7664       0.0000      0.0000 bsg_muxi2_gatestack_width_p5_harden_p1_0
clint/clint_slice/bsg_rtc_strobe/nand_C_n      22.1184     0.0      22.1184       0.0000      0.0000 bsg_nand_width_p5_harden_p1_0
clint/clint_slice/bsg_rtc_strobe/nor3_C_n      33.1776     0.0      33.1776       0.0000      0.0000 bsg_nor3_width_p4_harden_p1_0
clint/clint_slice/bsg_rtc_strobe/strobe_buf_gate       5.5296     0.0       5.5296       0.0000      0.0000 bsg_buf_width_p1_0
clint/clint_slice/bsg_rtc_strobe/xnor_S_n      60.8256     0.0      60.8256       0.0000      0.0000 bsg_xnor_width_p5_harden_p1_0
clint/clint_slice/gte_x_5            1796.1984      0.1     1796.1984        0.0000       0.0000  bp_clint_slice_02_DW_cmp_J30_0_0
clint/clint_slice/mipi_reg             43.3152      0.0       18.4320       24.8832       0.0000  bsg_dff_reset_en_width_p1_7
clint/clint_slice/mtime_counter      4014.4896      0.2      999.9360     1592.5248       0.0000  bsg_counter_set_en_lg_max_val_lp64_reset_val_p0_0
clint/clint_slice/mtime_counter/add_x_1    1422.0288     0.1    1422.0288       0.0000      0.0000 bsg_counter_set_en_lg_max_val_lp64_reset_val_p0_DW01_inc_J39_0_0
clint/clint_slice/mtimecmp_reg       2387.8656      0.1      795.3408     1592.5248       0.0000  bsg_dff_reset_en_width_p64_0
clint/clint_slice/plic_reg             43.3152      0.0       18.4320       24.8832       0.0000  bsg_dff_reset_en_width_p1_13
clint/cmd_buffer                     9518.2848      0.4       79.2576       99.5328       0.0000  bsg_two_fifo_width_p184_2
clint/cmd_buffer/mem_1r1w            9339.4944      0.4        0.0000        0.0000       0.0000  bsg_mem_1r1w_width_p184_els_p2_read_write_same_addr_p0_2
clint/cmd_buffer/mem_1r1w/synth      9339.4944      0.4     3765.6577     5573.8367       0.0000  bsg_mem_1r1w_synth_width_p184_els_p2_read_write_same_addr_p0_harden_p0_2
clint/resp_buffer                    9661.1328      0.4      133.6320       99.5328       0.0000  bsg_two_fifo_width_p184_3
clint/resp_buffer/mem_1r1w           9427.9680      0.4        0.0000        0.0000       0.0000  bsg_mem_1r1w_width_p184_els_p2_read_write_same_addr_p0_3
clint/resp_buffer/mem_1r1w/synth     9427.9680      0.4     3854.1313     5573.8367       0.0000  bsg_mem_1r1w_synth_width_p184_els_p2_read_write_same_addr_p0_harden_p0_3
core                              2516110.1286     97.5     1193.4720        0.0000       0.0000  bp_core_minimal_02_0
core/be                           1249144.3193     48.4      719.7696        0.0000       0.0000  bp_be_top_02_0
core/be/be_calculator               72562.1762      2.8      329.0112        0.0000       0.0000  bp_be_calculator_top_02_0
core/be/be_calculator/calc_stage_reg    8054.7839     0.3      17.5104    8037.2735       0.0000  bsg_dff_width_p415_0
core/be/be_calculator/comp_stage_mux    1533.5424     0.1    1533.5424       0.0000       0.0000  bsg_mux_segmented_segments_p5_segment_width_p64_0
core/be/be_calculator/comp_stage_reg    4777.5743     0.2       0.0000    4777.5743       0.0000  bsg_dff_width_p320_0
core/be/be_calculator/exc_stage_reg     497.6640     0.0       0.0000      497.6640       0.0000  bsg_dff_width_p25_0
core/be/be_calculator/int_bypass     5998.6944      0.2      655.2576        0.0000       0.0000  bp_be_bypass_fwd_els_p4_0
core/be/be_calculator/int_bypass/bypass_match_one_hot_rs1      46.0800     0.0      23.9616       0.0000      0.0000 bsg_priority_encode_one_hot_out_width_p5_lo_to_hi_p1_2
core/be/be_calculator/int_bypass/bypass_match_one_hot_rs1/genblk1_scan      22.1184     0.0      22.1184       0.0000      0.0000 bsg_scan_width_p5_or_p1_lo_to_hi_p1_2
core/be/be_calculator/int_bypass/bypass_match_one_hot_rs2      51.6096     0.0      29.4912       0.0000      0.0000 bsg_priority_encode_one_hot_out_width_p5_lo_to_hi_p1_3
core/be/be_calculator/int_bypass/bypass_match_one_hot_rs2/genblk1_scan      22.1184     0.0      22.1184       0.0000      0.0000 bsg_scan_width_p5_or_p1_lo_to_hi_p1_3
core/be/be_calculator/int_bypass/bypass_rs1_crossbar    2628.4032     0.1       0.0000       0.0000      0.0000 bsg_crossbar_o_by_i_i_els_p5_o_els_p1_width_p64_2
core/be/be_calculator/int_bypass/bypass_rs1_crossbar/genblk1_0__mux_one_hot    2628.4032     0.1    2628.4032       0.0000      0.0000 bsg_mux_one_hot_width_p64_els_p5_2
core/be/be_calculator/int_bypass/bypass_rs2_crossbar    2617.3440     0.1       0.0000       0.0000      0.0000 bsg_crossbar_o_by_i_i_els_p5_o_els_p1_width_p64_3
core/be/be_calculator/int_bypass/bypass_rs2_crossbar/genblk1_0__mux_one_hot    2617.3440     0.1    2617.3440       0.0000      0.0000 bsg_mux_one_hot_width_p64_els_p5_3
core/be/be_calculator/pipe_int      35651.1748      1.4     3056.9473        0.0000       0.0000  bp_be_pipe_int_vaddr_width_p39_0
core/be/be_calculator/pipe_int/add_x_1     670.9248     0.0     670.9248       0.0000      0.0000 bp_be_pipe_int_vaddr_width_p39_DW01_add_J31_1_0
core/be/be_calculator/pipe_int/add_x_6    1622.9376     0.1    1622.9376       0.0000      0.0000 bp_be_pipe_int_vaddr_width_p39_DW01_add_J42_0_0
core/be/be_calculator/pipe_int/alu   30300.3651     1.2    17706.7010        0.0000       0.0000  bp_be_int_alu_0
core/be/be_calculator/pipe_int/alu/DP_OP_38_134_1409    4083.6097     0.2    4083.6097       0.0000      0.0000 bp_be_int_alu_DP_OP_38_134_1409_2_0
core/be/be_calculator/pipe_int/alu/DP_OP_41J14_125_155    1384.2432     0.1    1384.2432       0.0000      0.0000 bp_be_int_alu_DP_OP_41J14_125_155_J14_0_0
core/be/be_calculator/pipe_int/alu/gte_x_12    1779.6096     0.1    1779.6096       0.0000      0.0000 bp_be_int_alu_DW_cmp_J14_0_0
core/be/be_calculator/pipe_int/alu/gte_x_8    1777.7664     0.1    1777.7664       0.0000      0.0000 bp_be_int_alu_DW_cmp_J14_2_0
core/be/be_calculator/pipe_int/alu/lt_x_11    1784.2176     0.1    1784.2176       0.0000      0.0000 bp_be_int_alu_DW_cmp_J14_1_0
core/be/be_calculator/pipe_int/alu/lt_x_7    1784.2176     0.1    1784.2176       0.0000      0.0000 bp_be_int_alu_DW_cmp_J14_3_0
core/be/be_calculator/pipe_mem       9200.3328      0.4     2252.3904        0.0000       0.0000  bp_be_pipe_mem_02_0
core/be/be_calculator/pipe_mem/add_x_2    1622.9376     0.1    1622.9376       0.0000      0.0000 bp_be_pipe_mem_02_DW01_add_0_0
core/be/be_calculator/pipe_mem/csr_shift_reg    5325.0047     0.2    1244.1600    4080.8447      0.0000 bsg_shift_reg_width_p81_stages_p2_0
core/be/be_calculator/reservation_reg    6519.3983     0.3       0.0000    6519.3983      0.0000  bsg_dff_width_p295_0
core/be/be_checker                  51424.7681      2.0        5.5296        0.0000       0.0000  bp_be_checker_top_02_0
core/be/be_checker/detector           405.5040      0.0      405.5040        0.0000       0.0000  bp_be_detector_02_0
core/be/be_checker/director          6935.0401      0.3     3855.0529       49.7664       0.0000  bp_be_director_02_0
core/be/be_checker/director/attaboy_pending_reg      49.7664     0.0      24.8832      24.8832      0.0000 bsg_dff_reset_en_width_p1_11
core/be/be_checker/director/exception_mux     442.3680     0.0     442.3680       0.0000      0.0000 bsg_mux_width_p39_els_p2_7
core/be/be_checker/director/init_mux     215.6544     0.0     215.6544       0.0000       0.0000  bsg_mux_width_p39_els_p2_4
core/be/be_checker/director/npc      1460.7360      0.1      490.2912      970.4448       0.0000  bsg_dff_reset_en_39_80000000_0
core/be/be_checker/director/ret_mux     430.3872     0.0     430.3872        0.0000       0.0000  bsg_mux_width_p39_els_p2_5
core/be/be_checker/director/roll_mux     431.3088     0.0     431.3088       0.0000       0.0000  bsg_mux_width_p39_els_p2_6
core/be/be_checker/scheduler        44078.6944      1.7     2718.7200        0.0000       0.0000  bp_be_scheduler_02_0
core/be/be_checker/scheduler/instr_decoder    1347.3792     0.1    1347.3792       0.0000      0.0000 bp_be_instr_decoder_0
core/be/be_checker/scheduler/int_regfile   33660.9281     1.3    2128.8960       0.0000      0.0000 bp_be_regfile_02_0
core/be/be_checker/scheduler/int_regfile/rf   29454.7457     1.1    1323.4176       0.0000  28131.3281 bsg_mem_2r1w_sync_width_p64_els_p32_0
core/be/be_checker/scheduler/int_regfile/rs_addr_reg     385.2288     0.0     136.3968     248.8320      0.0000 bsg_dff_reset_en_width_p10_0
core/be/be_checker/scheduler/int_regfile/rw_fwd_reg    1692.0576     0.1       0.0000    1692.0576      0.0000 bsg_dff_width_p68_0
core/be/be_checker/scheduler/issue_pkt_reg    6301.9007     0.2    2096.6399    4205.2607      0.0000 bsg_dff_reset_en_width_p173_0
core/be/be_checker/scheduler/issue_status_reg      49.7664     0.0      24.8832      24.8832      0.0000 bsg_dff_reset_en_width_p1_10
core/be/be_mem                    1124437.6054     43.6     3491.0209      223.9488       0.0000  bp_be_mem_top_02_0
core/be/be_mem/csr                  57516.1343      2.2    28531.8146        0.0000       0.0000  bp_be_csr_02_0
core/be/be_mem/csr/add_x_7            896.7168      0.0      896.7168        0.0000       0.0000  bp_be_csr_02_DW01_inc_1_0
core/be/be_mem/csr/add_x_8           1103.1552      0.0     1103.1552        0.0000       0.0000  bp_be_csr_02_DW01_add_J40_0_0
core/be/be_mem/csr/dcsr_reg           290.3040      0.0       66.3552      223.9488       0.0000  bsg_dff_reset_width_p11_0
core/be/be_mem/csr/debug_mode_reg      35.9424      0.0       11.0592       24.8832       0.0000  bsg_dff_reset_width_p1_17
core/be/be_mem/csr/dpc_reg           1322.4960      0.1      302.2848     1020.2112       0.0000  bsg_dff_reset_width_p41_6
core/be/be_mem/csr/m_interrupt_enc     493.9776     0.0        0.0000        0.0000       0.0000  bsg_priority_encode_width_p16_lo_to_hi_p1_5
core/be/be_mem/csr/m_interrupt_enc/a     221.1840     0.0     129.0240       0.0000       0.0000  bsg_priority_encode_one_hot_out_width_p16_lo_to_hi_p1_5
core/be/be_mem/csr/m_interrupt_enc/a/genblk1_scan      92.1600     0.0      92.1600       0.0000      0.0000 bsg_scan_width_p16_or_p1_lo_to_hi_p1_5
core/be/be_mem/csr/m_interrupt_enc/b     272.7936     0.0      29.4912       0.0000       0.0000  bsg_encode_one_hot_width_p16_lo_to_hi_p1_5
core/be/be_mem/csr/m_interrupt_enc/b/aligned_left     117.9648     0.0      22.1184       0.0000      0.0000 bsg_encode_one_hot_width_p8_10
core/be/be_mem/csr/m_interrupt_enc/b/aligned_left/aligned_left      44.2368     0.0      14.7456       0.0000      0.0000 bsg_encode_one_hot_width_p4_30
core/be/be_mem/csr/m_interrupt_enc/b/aligned_left/aligned_left/aligned_left      11.0592     0.0       5.5296       0.0000      0.0000 bsg_encode_one_hot_width_p2_60
core/be/be_mem/csr/m_interrupt_enc/b/aligned_left/aligned_left/aligned_left/aligned_right       5.5296     0.0       5.5296       0.0000      0.0000 bsg_encode_one_hot_width_p1_127
core/be/be_mem/csr/m_interrupt_enc/b/aligned_left/aligned_left/aligned_right      18.4320     0.0       7.3728       0.0000      0.0000 bsg_encode_one_hot_width_p2_59
core/be/be_mem/csr/m_interrupt_enc/b/aligned_left/aligned_left/aligned_right/aligned_left       5.5296     0.0       5.5296       0.0000      0.0000 bsg_encode_one_hot_width_p1_126
core/be/be_mem/csr/m_interrupt_enc/b/aligned_left/aligned_left/aligned_right/aligned_right       5.5296     0.0       5.5296       0.0000      0.0000 bsg_encode_one_hot_width_p1_125
core/be/be_mem/csr/m_interrupt_enc/b/aligned_left/aligned_right      51.6096     0.0      14.7456       0.0000      0.0000 bsg_encode_one_hot_width_p4_29
core/be/be_mem/csr/m_interrupt_enc/b/aligned_left/aligned_right/aligned_left      18.4320     0.0       7.3728       0.0000      0.0000 bsg_encode_one_hot_width_p2_58
core/be/be_mem/csr/m_interrupt_enc/b/aligned_left/aligned_right/aligned_left/aligned_left       5.5296     0.0       5.5296       0.0000      0.0000 bsg_encode_one_hot_width_p1_124
core/be/be_mem/csr/m_interrupt_enc/b/aligned_left/aligned_right/aligned_left/aligned_right       5.5296     0.0       5.5296       0.0000      0.0000 bsg_encode_one_hot_width_p1_123
core/be/be_mem/csr/m_interrupt_enc/b/aligned_left/aligned_right/aligned_right      18.4320     0.0       7.3728       0.0000      0.0000 bsg_encode_one_hot_width_p2_57
core/be/be_mem/csr/m_interrupt_enc/b/aligned_left/aligned_right/aligned_right/aligned_left       5.5296     0.0       5.5296       0.0000      0.0000 bsg_encode_one_hot_width_p1_122
core/be/be_mem/csr/m_interrupt_enc/b/aligned_left/aligned_right/aligned_right/aligned_right       5.5296     0.0       5.5296       0.0000      0.0000 bsg_encode_one_hot_width_p1_121
core/be/be_mem/csr/m_interrupt_enc/b/aligned_right     125.3376     0.0      22.1184       0.0000      0.0000 bsg_encode_one_hot_width_p8_9
core/be/be_mem/csr/m_interrupt_enc/b/aligned_right/aligned_left      51.6096     0.0      14.7456       0.0000      0.0000 bsg_encode_one_hot_width_p4_28
core/be/be_mem/csr/m_interrupt_enc/b/aligned_right/aligned_left/aligned_left      18.4320     0.0       7.3728       0.0000      0.0000 bsg_encode_one_hot_width_p2_56
core/be/be_mem/csr/m_interrupt_enc/b/aligned_right/aligned_left/aligned_left/aligned_left       5.5296     0.0       5.5296       0.0000      0.0000 bsg_encode_one_hot_width_p1_120
core/be/be_mem/csr/m_interrupt_enc/b/aligned_right/aligned_left/aligned_left/aligned_right       5.5296     0.0       5.5296       0.0000      0.0000 bsg_encode_one_hot_width_p1_119
core/be/be_mem/csr/m_interrupt_enc/b/aligned_right/aligned_left/aligned_right      18.4320     0.0       7.3728       0.0000      0.0000 bsg_encode_one_hot_width_p2_55
core/be/be_mem/csr/m_interrupt_enc/b/aligned_right/aligned_left/aligned_right/aligned_left       5.5296     0.0       5.5296       0.0000      0.0000 bsg_encode_one_hot_width_p1_118
core/be/be_mem/csr/m_interrupt_enc/b/aligned_right/aligned_left/aligned_right/aligned_right       5.5296     0.0       5.5296       0.0000      0.0000 bsg_encode_one_hot_width_p1_117
core/be/be_mem/csr/m_interrupt_enc/b/aligned_right/aligned_right      51.6096     0.0      14.7456       0.0000      0.0000 bsg_encode_one_hot_width_p4_27
core/be/be_mem/csr/m_interrupt_enc/b/aligned_right/aligned_right/aligned_left      18.4320     0.0       7.3728       0.0000      0.0000 bsg_encode_one_hot_width_p2_54
core/be/be_mem/csr/m_interrupt_enc/b/aligned_right/aligned_right/aligned_left/aligned_left       5.5296     0.0       5.5296       0.0000      0.0000 bsg_encode_one_hot_width_p1_116
core/be/be_mem/csr/m_interrupt_enc/b/aligned_right/aligned_right/aligned_left/aligned_right       5.5296     0.0       5.5296       0.0000      0.0000 bsg_encode_one_hot_width_p1_115
core/be/be_mem/csr/m_interrupt_enc/b/aligned_right/aligned_right/aligned_right      18.4320     0.0       7.3728       0.0000      0.0000 bsg_encode_one_hot_width_p2_53
core/be/be_mem/csr/m_interrupt_enc/b/aligned_right/aligned_right/aligned_right/aligned_left       5.5296     0.0       5.5296       0.0000      0.0000 bsg_encode_one_hot_width_p1_114
core/be/be_mem/csr/m_interrupt_enc/b/aligned_right/aligned_right/aligned_right/aligned_right       5.5296     0.0       5.5296       0.0000      0.0000 bsg_encode_one_hot_width_p1_113
core/be/be_mem/csr/mcause_exception_enc     530.8416     0.0       0.0000       0.0000      0.0000 bsg_priority_encode_width_p16_lo_to_hi_p1_3
core/be/be_mem/csr/mcause_exception_enc/a     250.6752     0.0     140.0832       0.0000      0.0000 bsg_priority_encode_one_hot_out_width_p16_lo_to_hi_p1_3
core/be/be_mem/csr/mcause_exception_enc/a/genblk1_scan     110.5920     0.0     110.5920       0.0000      0.0000 bsg_scan_width_p16_or_p1_lo_to_hi_p1_3
core/be/be_mem/csr/mcause_exception_enc/b     280.1664     0.0      29.4912       0.0000      0.0000 bsg_encode_one_hot_width_p16_lo_to_hi_p1_3
core/be/be_mem/csr/mcause_exception_enc/b/aligned_left     125.3376     0.0      22.1184       0.0000      0.0000 bsg_encode_one_hot_width_p8_6
core/be/be_mem/csr/mcause_exception_enc/b/aligned_left/aligned_left      51.6096     0.0      14.7456       0.0000      0.0000 bsg_encode_one_hot_width_p4_34
core/be/be_mem/csr/mcause_exception_enc/b/aligned_left/aligned_left/aligned_left      18.4320     0.0       7.3728       0.0000      0.0000 bsg_encode_one_hot_width_p2_68
core/be/be_mem/csr/mcause_exception_enc/b/aligned_left/aligned_left/aligned_left/aligned_left       5.5296     0.0       5.5296       0.0000      0.0000 bsg_encode_one_hot_width_p1_143
core/be/be_mem/csr/mcause_exception_enc/b/aligned_left/aligned_left/aligned_left/aligned_right       5.5296     0.0       5.5296       0.0000      0.0000 bsg_encode_one_hot_width_p1_142
core/be/be_mem/csr/mcause_exception_enc/b/aligned_left/aligned_left/aligned_right      18.4320     0.0       7.3728       0.0000      0.0000 bsg_encode_one_hot_width_p2_67
core/be/be_mem/csr/mcause_exception_enc/b/aligned_left/aligned_left/aligned_right/aligned_left       5.5296     0.0       5.5296       0.0000      0.0000 bsg_encode_one_hot_width_p1_141
core/be/be_mem/csr/mcause_exception_enc/b/aligned_left/aligned_left/aligned_right/aligned_right       5.5296     0.0       5.5296       0.0000      0.0000 bsg_encode_one_hot_width_p1_140
core/be/be_mem/csr/mcause_exception_enc/b/aligned_left/aligned_right      51.6096     0.0      14.7456       0.0000      0.0000 bsg_encode_one_hot_width_p4_33
core/be/be_mem/csr/mcause_exception_enc/b/aligned_left/aligned_right/aligned_left      18.4320     0.0       7.3728       0.0000      0.0000 bsg_encode_one_hot_width_p2_66
core/be/be_mem/csr/mcause_exception_enc/b/aligned_left/aligned_right/aligned_left/aligned_left       5.5296     0.0       5.5296       0.0000      0.0000 bsg_encode_one_hot_width_p1_139
core/be/be_mem/csr/mcause_exception_enc/b/aligned_left/aligned_right/aligned_left/aligned_right       5.5296     0.0       5.5296       0.0000      0.0000 bsg_encode_one_hot_width_p1_138
core/be/be_mem/csr/mcause_exception_enc/b/aligned_left/aligned_right/aligned_right      18.4320     0.0       7.3728       0.0000      0.0000 bsg_encode_one_hot_width_p2_65
core/be/be_mem/csr/mcause_exception_enc/b/aligned_left/aligned_right/aligned_right/aligned_left       5.5296     0.0       5.5296       0.0000      0.0000 bsg_encode_one_hot_width_p1_137
core/be/be_mem/csr/mcause_exception_enc/b/aligned_left/aligned_right/aligned_right/aligned_right       5.5296     0.0       5.5296       0.0000      0.0000 bsg_encode_one_hot_width_p1_136
core/be/be_mem/csr/mcause_exception_enc/b/aligned_right     125.3376     0.0      22.1184       0.0000      0.0000 bsg_encode_one_hot_width_p8_11
core/be/be_mem/csr/mcause_exception_enc/b/aligned_right/aligned_left      51.6096     0.0      14.7456       0.0000      0.0000 bsg_encode_one_hot_width_p4_32
core/be/be_mem/csr/mcause_exception_enc/b/aligned_right/aligned_left/aligned_left      18.4320     0.0       7.3728       0.0000      0.0000 bsg_encode_one_hot_width_p2_64
core/be/be_mem/csr/mcause_exception_enc/b/aligned_right/aligned_left/aligned_left/aligned_left       5.5296     0.0       5.5296       0.0000      0.0000 bsg_encode_one_hot_width_p1_135
core/be/be_mem/csr/mcause_exception_enc/b/aligned_right/aligned_left/aligned_left/aligned_right       5.5296     0.0       5.5296       0.0000      0.0000 bsg_encode_one_hot_width_p1_134
core/be/be_mem/csr/mcause_exception_enc/b/aligned_right/aligned_left/aligned_right      18.4320     0.0       7.3728       0.0000      0.0000 bsg_encode_one_hot_width_p2_63
core/be/be_mem/csr/mcause_exception_enc/b/aligned_right/aligned_left/aligned_right/aligned_left       5.5296     0.0       5.5296       0.0000      0.0000 bsg_encode_one_hot_width_p1_133
core/be/be_mem/csr/mcause_exception_enc/b/aligned_right/aligned_left/aligned_right/aligned_right       5.5296     0.0       5.5296       0.0000      0.0000 bsg_encode_one_hot_width_p1_132
core/be/be_mem/csr/mcause_exception_enc/b/aligned_right/aligned_right      51.6096     0.0      14.7456       0.0000      0.0000 bsg_encode_one_hot_width_p4_31
core/be/be_mem/csr/mcause_exception_enc/b/aligned_right/aligned_right/aligned_left      18.4320     0.0       7.3728       0.0000      0.0000 bsg_encode_one_hot_width_p2_62
core/be/be_mem/csr/mcause_exception_enc/b/aligned_right/aligned_right/aligned_left/aligned_left       5.5296     0.0       5.5296       0.0000      0.0000 bsg_encode_one_hot_width_p1_131
core/be/be_mem/csr/mcause_exception_enc/b/aligned_right/aligned_right/aligned_left/aligned_right       5.5296     0.0       5.5296       0.0000      0.0000 bsg_encode_one_hot_width_p1_130
core/be/be_mem/csr/mcause_exception_enc/b/aligned_right/aligned_right/aligned_right      18.4320     0.0       7.3728       0.0000      0.0000 bsg_encode_one_hot_width_p2_61
core/be/be_mem/csr/mcause_exception_enc/b/aligned_right/aligned_right/aligned_right/aligned_left       5.5296     0.0       5.5296       0.0000      0.0000 bsg_encode_one_hot_width_p1_129
core/be/be_mem/csr/mcause_exception_enc/b/aligned_right/aligned_right/aligned_right/aligned_right       5.5296     0.0       5.5296       0.0000      0.0000 bsg_encode_one_hot_width_p1_128
core/be/be_mem/csr/mcause_reg         161.2800      0.0       36.8640      124.4160       0.0000  bsg_dff_reset_width_p5_3
core/be/be_mem/csr/mcounteren_reg      64.5120      0.0       14.7456       49.7664       0.0000  bsg_dff_reset_width_p2_5
core/be/be_mem/csr/mcountinhibit_reg      64.5120     0.0      14.7456      49.7664       0.0000  bsg_dff_reset_width_p2_4
core/be/be_mem/csr/mcycle_reg        1548.2880      0.1      353.8944     1194.3936       0.0000  bsg_dff_reset_width_p48_2
core/be/be_mem/csr/medeleg_reg        419.3280      0.0       95.8464      323.4816       0.0000  bsg_dff_reset_width_p13_0
core/be/be_mem/csr/mepc_reg          1322.4960      0.1      302.2848     1020.2112       0.0000  bsg_dff_reset_width_p41_8
core/be/be_mem/csr/mideleg_reg         96.7680      0.0       22.1184       74.6496       0.0000  bsg_dff_reset_width_p3_0
core/be/be_mem/csr/mie_reg            193.5360      0.0       44.2368      149.2992       0.0000  bsg_dff_reset_width_p6_2
core/be/be_mem/csr/minstret_reg      1548.2880      0.1      353.8944     1194.3936       0.0000  bsg_dff_reset_width_p48_3
core/be/be_mem/csr/mip_reg            193.5360      0.0       44.2368      149.2992       0.0000  bsg_dff_reset_width_p6_3
core/be/be_mem/csr/mscratch_reg      2064.3840      0.1      471.8592     1592.5248       0.0000  bsg_dff_reset_width_p64_3
core/be/be_mem/csr/mstatus_reg        483.8400      0.0      110.5920      373.2480       0.0000  bsg_dff_reset_width_p15_0
core/be/be_mem/csr/mtval_reg         1322.4960      0.1      302.2848     1020.2112       0.0000  bsg_dff_reset_width_p41_7
core/be/be_mem/csr/mtvec_reg         1257.9840      0.0      287.5392      970.4448       0.0000  bsg_dff_reset_width_p39_3
core/be/be_mem/csr/pmpaddr0_reg      1225.7280      0.0      280.1664      945.5616       0.0000  bsg_dff_reset_width_p38_4
core/be/be_mem/csr/pmpaddr1_reg      1225.7280      0.0      280.1664      945.5616       0.0000  bsg_dff_reset_width_p38_7
core/be/be_mem/csr/pmpaddr2_reg      1225.7280      0.0      280.1664      945.5616       0.0000  bsg_dff_reset_width_p38_6
core/be/be_mem/csr/pmpaddr3_reg      1225.7280      0.0      280.1664      945.5616       0.0000  bsg_dff_reset_width_p38_5
core/be/be_mem/csr/pmpcfg0_reg       1032.1920      0.0      235.9296      796.2624       0.0000  bsg_dff_reset_width_p32_0
core/be/be_mem/csr/priv_mode_reg       64.5120      0.0       14.7456       49.7664       0.0000  bsg_dff_reset_2_3_0
core/be/be_mem/csr/s_interrupt_enc     405.5040     0.0        0.0000        0.0000       0.0000  bsg_priority_encode_width_p16_lo_to_hi_p1_4
core/be/be_mem/csr/s_interrupt_enc/a     143.7696     0.0     112.4352       0.0000       0.0000  bsg_priority_encode_one_hot_out_width_p16_lo_to_hi_p1_4
core/be/be_mem/csr/s_interrupt_enc/a/genblk1_scan      31.3344     0.0      31.3344       0.0000      0.0000 bsg_scan_width_p16_or_p1_lo_to_hi_p1_4
core/be/be_mem/csr/s_interrupt_enc/b     261.7344     0.0      29.4912       0.0000       0.0000  bsg_encode_one_hot_width_p16_lo_to_hi_p1_4
core/be/be_mem/csr/s_interrupt_enc/b/aligned_left     106.9056     0.0      22.1184       0.0000      0.0000 bsg_encode_one_hot_width_p8_8
core/be/be_mem/csr/s_interrupt_enc/b/aligned_left/aligned_left      33.1776     0.0      14.7456       0.0000      0.0000 bsg_encode_one_hot_width_p4_26
core/be/be_mem/csr/s_interrupt_enc/b/aligned_left/aligned_left/aligned_right      18.4320     0.0       7.3728       0.0000      0.0000 bsg_encode_one_hot_width_p2_51
core/be/be_mem/csr/s_interrupt_enc/b/aligned_left/aligned_left/aligned_right/aligned_left       5.5296     0.0       5.5296       0.0000      0.0000 bsg_encode_one_hot_width_p1_111
core/be/be_mem/csr/s_interrupt_enc/b/aligned_left/aligned_left/aligned_right/aligned_right       5.5296     0.0       5.5296       0.0000      0.0000 bsg_encode_one_hot_width_p1_110
core/be/be_mem/csr/s_interrupt_enc/b/aligned_left/aligned_right      51.6096     0.0      14.7456       0.0000      0.0000 bsg_encode_one_hot_width_p4_25
core/be/be_mem/csr/s_interrupt_enc/b/aligned_left/aligned_right/aligned_left      18.4320     0.0       7.3728       0.0000      0.0000 bsg_encode_one_hot_width_p2_50
core/be/be_mem/csr/s_interrupt_enc/b/aligned_left/aligned_right/aligned_left/aligned_left       5.5296     0.0       5.5296       0.0000      0.0000 bsg_encode_one_hot_width_p1_109
core/be/be_mem/csr/s_interrupt_enc/b/aligned_left/aligned_right/aligned_left/aligned_right       5.5296     0.0       5.5296       0.0000      0.0000 bsg_encode_one_hot_width_p1_108
core/be/be_mem/csr/s_interrupt_enc/b/aligned_left/aligned_right/aligned_right      18.4320     0.0       7.3728       0.0000      0.0000 bsg_encode_one_hot_width_p2_49
core/be/be_mem/csr/s_interrupt_enc/b/aligned_left/aligned_right/aligned_right/aligned_left       5.5296     0.0       5.5296       0.0000      0.0000 bsg_encode_one_hot_width_p1_107
core/be/be_mem/csr/s_interrupt_enc/b/aligned_left/aligned_right/aligned_right/aligned_right       5.5296     0.0       5.5296       0.0000      0.0000 bsg_encode_one_hot_width_p1_106
core/be/be_mem/csr/s_interrupt_enc/b/aligned_right     125.3376     0.0      22.1184       0.0000      0.0000 bsg_encode_one_hot_width_p8_7
core/be/be_mem/csr/s_interrupt_enc/b/aligned_right/aligned_left      51.6096     0.0      14.7456       0.0000      0.0000 bsg_encode_one_hot_width_p4_24
core/be/be_mem/csr/s_interrupt_enc/b/aligned_right/aligned_left/aligned_left      18.4320     0.0       7.3728       0.0000      0.0000 bsg_encode_one_hot_width_p2_48
core/be/be_mem/csr/s_interrupt_enc/b/aligned_right/aligned_left/aligned_left/aligned_left       5.5296     0.0       5.5296       0.0000      0.0000 bsg_encode_one_hot_width_p1_105
core/be/be_mem/csr/s_interrupt_enc/b/aligned_right/aligned_left/aligned_left/aligned_right       5.5296     0.0       5.5296       0.0000      0.0000 bsg_encode_one_hot_width_p1_104
core/be/be_mem/csr/s_interrupt_enc/b/aligned_right/aligned_left/aligned_right      18.4320     0.0       7.3728       0.0000      0.0000 bsg_encode_one_hot_width_p2_47
core/be/be_mem/csr/s_interrupt_enc/b/aligned_right/aligned_left/aligned_right/aligned_left       5.5296     0.0       5.5296       0.0000      0.0000 bsg_encode_one_hot_width_p1_103
core/be/be_mem/csr/s_interrupt_enc/b/aligned_right/aligned_left/aligned_right/aligned_right       5.5296     0.0       5.5296       0.0000      0.0000 bsg_encode_one_hot_width_p1_102
core/be/be_mem/csr/s_interrupt_enc/b/aligned_right/aligned_right      51.6096     0.0      14.7456       0.0000      0.0000 bsg_encode_one_hot_width_p4_23
core/be/be_mem/csr/s_interrupt_enc/b/aligned_right/aligned_right/aligned_left      18.4320     0.0       7.3728       0.0000      0.0000 bsg_encode_one_hot_width_p2_46
core/be/be_mem/csr/s_interrupt_enc/b/aligned_right/aligned_right/aligned_left/aligned_left       5.5296     0.0       5.5296       0.0000      0.0000 bsg_encode_one_hot_width_p1_101
core/be/be_mem/csr/s_interrupt_enc/b/aligned_right/aligned_right/aligned_left/aligned_right       5.5296     0.0       5.5296       0.0000      0.0000 bsg_encode_one_hot_width_p1_100
core/be/be_mem/csr/s_interrupt_enc/b/aligned_right/aligned_right/aligned_right      18.4320     0.0       7.3728       0.0000      0.0000 bsg_encode_one_hot_width_p2_45
core/be/be_mem/csr/s_interrupt_enc/b/aligned_right/aligned_right/aligned_right/aligned_left       5.5296     0.0       5.5296       0.0000      0.0000 bsg_encode_one_hot_width_p1_99
core/be/be_mem/csr/s_interrupt_enc/b/aligned_right/aligned_right/aligned_right/aligned_right       5.5296     0.0       5.5296       0.0000      0.0000 bsg_encode_one_hot_width_p1_98
core/be/be_mem/csr/satp_reg           935.4240      0.0      213.8112      721.6128       0.0000  bsg_dff_reset_width_p29_0
core/be/be_mem/csr/scause_reg         161.2800      0.0       36.8640      124.4160       0.0000  bsg_dff_reset_width_p5_2
core/be/be_mem/csr/scounteren_reg      64.5120      0.0       14.7456       49.7664       0.0000  bsg_dff_reset_width_p2_3
core/be/be_mem/csr/sepc_reg          1322.4960      0.1      302.2848     1020.2112       0.0000  bsg_dff_reset_width_p41_5
core/be/be_mem/csr/sscratch_reg      2064.3840      0.1      471.8592     1592.5248       0.0000  bsg_dff_reset_width_p64_2
core/be/be_mem/csr/stval_reg         1322.4960      0.1      302.2848     1020.2112       0.0000  bsg_dff_reset_width_p41_9
core/be/be_mem/csr/stvec_reg         1257.9840      0.0      287.5392      970.4448       0.0000  bsg_dff_reset_width_p39_2
core/be/be_mem/csr/translation_en_reg      35.9424     0.0      11.0592      24.8832      0.0000  bsg_dff_reset_width_p1_16
core/be/be_mem/dcache             1026754.4567     39.8    14906.8802    12317.1838       0.0000  bp_be_dcache_02_0_0
core/be/be_mem/dcache/bypass_mux_segmented    1061.6832     0.0    1061.6832       0.0000      0.0000 bsg_mux_segmented_segments_p8_segment_width_p8_3
core/be/be_mem/dcache/cache_miss_detect      47.0016     0.0      11.0592       0.0000      0.0000 bsg_edge_detect_falling_not_rising_p1_0
core/be/be_mem/dcache/cache_miss_detect/sig_reg      35.9424     0.0      11.0592      24.8832      0.0000 bsg_dff_reset_width_p1_12
core/be/be_mem/dcache/cache_miss_tracker      43.3152     0.0      18.4320      24.8832      0.0000 bsg_dff_reset_en_width_p1_reset_val_p0_3
core/be/be_mem/dcache/cache_req_v_reg      35.9424     0.0      11.0592      24.8832      0.0000  bsg_dff_reset_width_p1_13
core/be/be_mem/dcache/data_mem_0__data_mem   87516.4689     3.4    2644.0705       0.0000  84872.3984 bsg_mem_1rw_sync_mask_write_byte_els_p512_data_width_p64_6
core/be/be_mem/dcache/data_mem_1__data_mem   87163.4961     3.4    2291.0976       0.0000  84872.3984 bsg_mem_1rw_sync_mask_write_byte_els_p512_data_width_p64_5
core/be/be_mem/dcache/dirty_mask_decode      25.8048     0.0      14.7456       0.0000      0.0000 bsg_decode_with_v_num_out_p2_0
core/be/be_mem/dcache/dirty_mask_decode/bd      11.0592     0.0      11.0592       0.0000      0.0000 bsg_decode_num_out_p2_5
core/be/be_mem/dcache/final_data_mux     720.6912     0.0     720.6912       0.0000       0.0000  bsg_mux_width_p64_els_p2_5
core/be/be_mem/dcache/ld_data_set_select_mux     718.8480     0.0     718.8480       0.0000      0.0000 bsg_mux_width_p64_els_p2_6
core/be/be_mem/dcache/lock_counter     205.5168     0.0      105.9840       99.5328       0.0000  bsg_counter_clear_up_max_val_p8_init_val_p0_disable_overflow_warning_p1_0
core/be/be_mem/dcache/lru_decode        5.5296      0.0        5.5296        0.0000       0.0000  bsg_lru_pseudo_tree_decode_ways_p2_3
core/be/be_mem/dcache/lru_encoder       5.5296      0.0        5.5296        0.0000       0.0000  bsg_lru_pseudo_tree_encode_ways_p2_3
core/be/be_mem/dcache/output64_byte_mux     550.1952     0.0     550.1952       0.0000      0.0000 bsg_mux_width_p8_els_p8_0
core/be/be_mem/dcache/output64_half_mux     512.4096     0.0     512.4096       0.0000      0.0000 bsg_mux_width_p16_els_p4_0
core/be/be_mem/dcache/output64_word_mux     353.8944     0.0     353.8944       0.0000      0.0000 bsg_mux_width_p32_els_p2_0
core/be/be_mem/dcache/pe_invalid       42.3936      0.0        0.0000        0.0000       0.0000  bsg_priority_encode_width_p2_lo_to_hi_p1_7
core/be/be_mem/dcache/pe_invalid/a      23.9616     0.0       11.0592        0.0000       0.0000  bsg_priority_encode_one_hot_out_width_p2_lo_to_hi_p1_6
core/be/be_mem/dcache/pe_invalid/a/genblk1_scan      12.9024     0.0      12.9024       0.0000      0.0000 bsg_scan_width_p2_or_p1_lo_to_hi_p1_6
core/be/be_mem/dcache/pe_invalid/b      18.4320     0.0        7.3728        0.0000       0.0000  bsg_encode_one_hot_width_p2_lo_to_hi_p1_7
core/be/be_mem/dcache/pe_invalid/b/aligned_left       5.5296     0.0       5.5296       0.0000      0.0000 bsg_encode_one_hot_width_p1_169
core/be/be_mem/dcache/pe_invalid/b/aligned_right       5.5296     0.0       5.5296       0.0000      0.0000 bsg_encode_one_hot_width_p1_168
core/be/be_mem/dcache/pe_load_hit      44.2368      0.0        0.0000        0.0000       0.0000  bsg_priority_encode_width_p2_lo_to_hi_p1_9
core/be/be_mem/dcache/pe_load_hit/a      25.8048     0.0      12.9024        0.0000       0.0000  bsg_priority_encode_one_hot_out_width_p2_lo_to_hi_p1_8
core/be/be_mem/dcache/pe_load_hit/a/genblk1_scan      12.9024     0.0      12.9024       0.0000      0.0000 bsg_scan_width_p2_or_p1_lo_to_hi_p1_8
core/be/be_mem/dcache/pe_load_hit/b      18.4320     0.0       7.3728        0.0000       0.0000  bsg_encode_one_hot_width_p2_lo_to_hi_p1_9
core/be/be_mem/dcache/pe_load_hit/b/aligned_left       5.5296     0.0       5.5296       0.0000      0.0000 bsg_encode_one_hot_width_p1_173
core/be/be_mem/dcache/pe_load_hit/b/aligned_right       5.5296     0.0       5.5296       0.0000      0.0000 bsg_encode_one_hot_width_p1_172
core/be/be_mem/dcache/pe_store_hit      46.0800     0.0        0.0000        0.0000       0.0000  bsg_priority_encode_width_p2_lo_to_hi_p1_8
core/be/be_mem/dcache/pe_store_hit/a      25.8048     0.0      12.9024       0.0000       0.0000  bsg_priority_encode_one_hot_out_width_p2_lo_to_hi_p1_7
core/be/be_mem/dcache/pe_store_hit/a/genblk1_scan      12.9024     0.0      12.9024       0.0000      0.0000 bsg_scan_width_p2_or_p1_lo_to_hi_p1_7
core/be/be_mem/dcache/pe_store_hit/b      20.2752     0.0       9.2160       0.0000       0.0000  bsg_encode_one_hot_width_p2_lo_to_hi_p1_8
core/be/be_mem/dcache/pe_store_hit/b/aligned_left       5.5296     0.0       5.5296       0.0000      0.0000 bsg_encode_one_hot_width_p1_171
core/be/be_mem/dcache/pe_store_hit/b/aligned_right       5.5296     0.0       5.5296       0.0000      0.0000 bsg_encode_one_hot_width_p1_170
core/be/be_mem/dcache/read_mux_butterfly    1426.6368     0.1       0.0000       0.0000      0.0000 bsg_mux_butterfly_width_p64_els_p2_5
core/be/be_mem/dcache/read_mux_butterfly/mux_stage_0__mux_swap_0__swap_inst    1426.6368     0.1    1426.6368       0.0000      0.0000 bsg_swap_width_p64_5
core/be/be_mem/dcache/stat_mem      38319.2059      1.5        0.0000        0.0000       0.0000  bsg_mem_1rw_sync_mask_write_bit_width_p3_els_p256_0
core/be/be_mem/dcache/stat_mem/notmacro_synth   38319.2059     1.5   19009.8429   19309.3630      0.0000 bsg_mem_1rw_sync_mask_write_bit_synth_width_p3_els_p256_0
core/be/be_mem/dcache/tag_mem      762970.5177     29.6        0.0000        0.0000       0.0000  bsg_mem_1rw_sync_mask_write_bit_width_p62_els_p256_3
core/be/be_mem/dcache/tag_mem/notmacro_synth  762970.5177    29.6  380559.0536  382411.4641      0.0000 bsg_mem_1rw_sync_mask_write_bit_synth_width_p62_els_p256_3
core/be/be_mem/dcache/wbuf          16277.2992      0.6     3490.0992     1841.3568       0.0000  bp_be_dcache_wbuf_data_width_p64_paddr_width_p40_ways_p2_sets_p256_0
core/be/be_mem/dcache/wbuf/mux_segmented_merge0     707.7888     0.0     707.7888       0.0000      0.0000 bsg_mux_segmented_segments_p8_segment_width_p8_5
core/be/be_mem/dcache/wbuf/mux_segmented_merge1     707.7888     0.0     707.7888       0.0000      0.0000 bsg_mux_segmented_segments_p8_segment_width_p8_4
core/be/be_mem/dcache/wbuf/wbq       9530.2656      0.4     3906.6624     5623.6031       0.0000  bp_be_dcache_wbuf_queue_width_p113_0
core/be/be_mem/dcache/wbuf_data_mem_v_decode      11.0592     0.0      11.0592       0.0000      0.0000 bsg_decode_num_out_p2_7
core/be/be_mem/dcache/write_mux_butterfly    1426.6368     0.1       0.0000       0.0000      0.0000 bsg_mux_butterfly_width_p64_els_p2_6
core/be/be_mem/dcache/write_mux_butterfly/mux_stage_0__mux_swap_0__swap_inst    1426.6368     0.1    1426.6368       0.0000      0.0000 bsg_swap_width_p64_6
core/be/be_mem/dtlb                 27107.0208      1.1      434.0736        0.0000       0.0000  bp_tlb_02_8_3
core/be/be_mem/dtlb/entry_ram       12918.0671      0.5        7.3728      846.0288       0.0000  bsg_mem_1rw_sync_width_p34_els_p8_3
core/be/be_mem/dtlb/entry_ram/z_s1r1w_mem   12064.6655     0.5       0.0000       0.0000      0.0000 bsg_mem_1r1w_width_p34_els_p8_read_write_same_addr_p0_3
core/be/be_mem/dtlb/entry_ram/z_s1r1w_mem/synth   12064.6655     0.5    5296.4352    6768.2303      0.0000 bsg_mem_1r1w_synth_width_p34_els_p8_read_write_same_addr_p0_harden_p0_3
core/be/be_mem/dtlb/miss_v_reg         35.9424      0.0       11.0592       24.8832       0.0000  bsg_dff_reset_width_p1_14
core/be/be_mem/dtlb/miss_vtag_reg     876.4416      0.0      204.5952      671.8464       0.0000  bsg_dff_reset_width_p27_3
core/be/be_mem/dtlb/plru              530.8416      0.0      217.4976      174.1824       0.0000  bp_tlb_replacement_ways_p8_3
core/be/be_mem/dtlb/plru/decoder      105.0624      0.0      105.0624        0.0000       0.0000  bsg_lru_pseudo_tree_decode_ways_p8_3
core/be/be_mem/dtlb/plru/encoder       34.0992      0.0        0.0000        0.0000       0.0000  bsg_lru_pseudo_tree_encode_ways_p8_3
core/be/be_mem/dtlb/plru/encoder/rank_1__nz_mux      11.0592     0.0      11.0592       0.0000      0.0000 bsg_mux_width_p1_els_p2_3
core/be/be_mem/dtlb/plru/encoder/rank_2__nz_mux      23.0400     0.0      23.0400       0.0000      0.0000 bsg_mux_width_p1_els_p4_3
core/be/be_mem/dtlb/r_v_reg            35.9424      0.0       11.0592       24.8832       0.0000  bsg_dff_reset_width_p1_15
core/be/be_mem/dtlb/vtag_cam        12275.7121      0.5     6349.8241     5573.8367       0.0000  bsg_cam_1r1w_els_p8_width_p27_multiple_entries_p0_find_empty_entry_p1_3
core/be/be_mem/dtlb/vtag_cam/fi4_ohe     125.3376     0.0      22.1184       0.0000       0.0000  bsg_encode_one_hot_width_p8_lo_to_hi_p1_7
core/be/be_mem/dtlb/vtag_cam/fi4_ohe/aligned_left      51.6096     0.0      14.7456       0.0000      0.0000 bsg_encode_one_hot_width_p4_38
core/be/be_mem/dtlb/vtag_cam/fi4_ohe/aligned_left/aligned_left      18.4320     0.0       7.3728       0.0000      0.0000 bsg_encode_one_hot_width_p2_76
core/be/be_mem/dtlb/vtag_cam/fi4_ohe/aligned_left/aligned_left/aligned_left       5.5296     0.0       5.5296       0.0000      0.0000 bsg_encode_one_hot_width_p1_159
core/be/be_mem/dtlb/vtag_cam/fi4_ohe/aligned_left/aligned_left/aligned_right       5.5296     0.0       5.5296       0.0000      0.0000 bsg_encode_one_hot_width_p1_158
core/be/be_mem/dtlb/vtag_cam/fi4_ohe/aligned_left/aligned_right      18.4320     0.0       7.3728       0.0000      0.0000 bsg_encode_one_hot_width_p2_75
core/be/be_mem/dtlb/vtag_cam/fi4_ohe/aligned_left/aligned_right/aligned_left       5.5296     0.0       5.5296       0.0000      0.0000 bsg_encode_one_hot_width_p1_157
core/be/be_mem/dtlb/vtag_cam/fi4_ohe/aligned_left/aligned_right/aligned_right       5.5296     0.0       5.5296       0.0000      0.0000 bsg_encode_one_hot_width_p1_156
core/be/be_mem/dtlb/vtag_cam/fi4_ohe/aligned_right      51.6096     0.0      14.7456       0.0000      0.0000 bsg_encode_one_hot_width_p4_37
core/be/be_mem/dtlb/vtag_cam/fi4_ohe/aligned_right/aligned_left      18.4320     0.0       7.3728       0.0000      0.0000 bsg_encode_one_hot_width_p2_74
core/be/be_mem/dtlb/vtag_cam/fi4_ohe/aligned_right/aligned_left/aligned_left       5.5296     0.0       5.5296       0.0000      0.0000 bsg_encode_one_hot_width_p1_155
core/be/be_mem/dtlb/vtag_cam/fi4_ohe/aligned_right/aligned_left/aligned_right       5.5296     0.0       5.5296       0.0000      0.0000 bsg_encode_one_hot_width_p1_154
core/be/be_mem/dtlb/vtag_cam/fi4_ohe/aligned_right/aligned_right      18.4320     0.0       7.3728       0.0000      0.0000 bsg_encode_one_hot_width_p2_73
core/be/be_mem/dtlb/vtag_cam/fi4_ohe/aligned_right/aligned_right/aligned_left       5.5296     0.0       5.5296       0.0000      0.0000 bsg_encode_one_hot_width_p1_153
core/be/be_mem/dtlb/vtag_cam/fi4_ohe/aligned_right/aligned_right/aligned_right       5.5296     0.0       5.5296       0.0000      0.0000 bsg_encode_one_hot_width_p1_152
core/be/be_mem/dtlb/vtag_cam/fi5_epe     226.7136     0.0       0.0000       0.0000       0.0000  bsg_priority_encode_width_p8_lo_to_hi_p1_3
core/be/be_mem/dtlb/vtag_cam/fi5_epe/a     123.4944     0.0      66.3552       0.0000      0.0000 bsg_priority_encode_one_hot_out_width_p8_lo_to_hi_p1_3
core/be/be_mem/dtlb/vtag_cam/fi5_epe/a/genblk1_scan      57.1392     0.0      57.1392       0.0000      0.0000 bsg_scan_width_p8_or_p1_lo_to_hi_p1_3
core/be/be_mem/dtlb/vtag_cam/fi5_epe/b     103.2192     0.0       0.0000       0.0000      0.0000 bsg_encode_one_hot_width_p8_lo_to_hi_p1_5
core/be/be_mem/dtlb/vtag_cam/fi5_epe/b/aligned_left      51.6096     0.0      14.7456       0.0000      0.0000 bsg_encode_one_hot_width_p4_22
core/be/be_mem/dtlb/vtag_cam/fi5_epe/b/aligned_left/aligned_left      18.4320     0.0       7.3728       0.0000      0.0000 bsg_encode_one_hot_width_p2_44
core/be/be_mem/dtlb/vtag_cam/fi5_epe/b/aligned_left/aligned_left/aligned_left       5.5296     0.0       5.5296       0.0000      0.0000 bsg_encode_one_hot_width_p1_97
core/be/be_mem/dtlb/vtag_cam/fi5_epe/b/aligned_left/aligned_left/aligned_right       5.5296     0.0       5.5296       0.0000      0.0000 bsg_encode_one_hot_width_p1_96
core/be/be_mem/dtlb/vtag_cam/fi5_epe/b/aligned_left/aligned_right      18.4320     0.0       7.3728       0.0000      0.0000 bsg_encode_one_hot_width_p2_43
core/be/be_mem/dtlb/vtag_cam/fi5_epe/b/aligned_left/aligned_right/aligned_left       5.5296     0.0       5.5296       0.0000      0.0000 bsg_encode_one_hot_width_p1_95
core/be/be_mem/dtlb/vtag_cam/fi5_epe/b/aligned_left/aligned_right/aligned_right       5.5296     0.0       5.5296       0.0000      0.0000 bsg_encode_one_hot_width_p1_94
core/be/be_mem/dtlb/vtag_cam/fi5_epe/b/aligned_right      51.6096     0.0      14.7456       0.0000      0.0000 bsg_encode_one_hot_width_p4_21
core/be/be_mem/dtlb/vtag_cam/fi5_epe/b/aligned_right/aligned_left      18.4320     0.0       7.3728       0.0000      0.0000 bsg_encode_one_hot_width_p2_42
core/be/be_mem/dtlb/vtag_cam/fi5_epe/b/aligned_right/aligned_left/aligned_left       5.5296     0.0       5.5296       0.0000      0.0000 bsg_encode_one_hot_width_p1_93
core/be/be_mem/dtlb/vtag_cam/fi5_epe/b/aligned_right/aligned_left/aligned_right       5.5296     0.0       5.5296       0.0000      0.0000 bsg_encode_one_hot_width_p1_92
core/be/be_mem/dtlb/vtag_cam/fi5_epe/b/aligned_right/aligned_right      18.4320     0.0       7.3728       0.0000      0.0000 bsg_encode_one_hot_width_p2_41
core/be/be_mem/dtlb/vtag_cam/fi5_epe/b/aligned_right/aligned_right/aligned_left       5.5296     0.0       5.5296       0.0000      0.0000 bsg_encode_one_hot_width_p1_91
core/be/be_mem/dtlb/vtag_cam/fi5_epe/b/aligned_right/aligned_right/aligned_right       5.5296     0.0       5.5296       0.0000      0.0000 bsg_encode_one_hot_width_p1_90
core/be/be_mem/fault_reg             2803.5072      0.1      862.6176     1940.8896       0.0000  bsg_dff_en_width_p78_0
core/be/be_mem/pma                     35.9424      0.0       35.9424        0.0000       0.0000  bp_pma_02_3
core/be/be_mem/ptw                   4564.6848      0.2     1149.2352       99.5328       0.0000  bp_be_ptw_02_64_3_0
core/be/be_mem/ptw/cmd_sel_reg         47.0016      0.0       22.1184       24.8832       0.0000  bsg_dff_reset_en_width_p1_8
core/be/be_mem/ptw/dcache_data_reg    1161.2160     0.0      265.4208      895.7952       0.0000  bsg_dff_reset_width_p65_0
core/be/be_mem/ptw/ppn_reg           1048.7808      0.0      352.0512      696.7296       0.0000  bsg_dff_reset_en_width_p28_3
core/be/be_mem/ptw/tlb_sel_reg         47.0016      0.0       22.1184       24.8832       0.0000  bsg_dff_reset_en_width_p1_9
core/be/be_mem/ptw/vpn_reg           1011.9168      0.0      340.0704      671.8464       0.0000  bsg_dff_reset_en_width_p27_0
core/be/be_mem/vaddr_pipe            1940.8896      0.1        0.0000        0.0000       0.0000  bsg_dff_chain_width_p39_num_stages_p2_0
core/be/be_mem/vaddr_pipe/chained_genblk1_1__ch_reg     970.4448     0.0       0.0000     970.4448      0.0000 bsg_dff_width_p39_2
core/be/be_mem/vaddr_pipe/chained_genblk1_2__ch_reg     970.4448     0.0       0.0000     970.4448      0.0000 bsg_dff_width_p39_3
core/fe                           1216318.3598     47.1       65.4336        0.0000       0.0000  bp_fe_top_02_0
core/fe/mem                        994844.0569     38.6      705.9456      124.4160       0.0000  bp_fe_mem_02_0
core/fe/mem/icache                 966713.1385     37.5     7375.5649     7664.0255       0.0000  bp_fe_icache_02_0
core/fe/mem/icache/cache_miss_tracker      43.3152     0.0      18.4320      24.8832      0.0000  bsg_dff_reset_en_width_p1_reset_val_p0_2
core/fe/mem/icache/cache_req_v_reg      30.4128     0.0        5.5296       24.8832       0.0000  bsg_dff_reset_width_p1_18
core/fe/mem/icache/data_mems_0__data_mem   86379.2144     3.3    1506.8160       0.0000  84872.3984 bsg_mem_1rw_sync_mask_write_byte_els_p512_data_width_p64_4
core/fe/mem/icache/data_mems_1__data_mem   85862.1968     3.3     989.7984       0.0000  84872.3984 bsg_mem_1rw_sync_mask_write_byte_els_p512_data_width_p64_7
core/fe/mem/icache/data_set_select_mux     749.2608     0.0     749.2608       0.0000      0.0000 bsg_mux_width_p64_els_p2_4
core/fe/mem/icache/final_data_mux     713.3184      0.0      713.3184        0.0000       0.0000  bsg_mux_width_p64_els_p2_7
core/fe/mem/icache/lru_decode           5.5296      0.0        5.5296        0.0000       0.0000  bsg_lru_pseudo_tree_decode_ways_p2_2
core/fe/mem/icache/lru_encoder          5.5296      0.0        5.5296        0.0000       0.0000  bsg_lru_pseudo_tree_encode_ways_p2_2
core/fe/mem/icache/pe_invalid          42.3936      0.0        0.0000        0.0000       0.0000  bsg_priority_encode_width_p2_lo_to_hi_p1_6
core/fe/mem/icache/pe_invalid/a        23.9616      0.0       11.0592        0.0000       0.0000  bsg_priority_encode_one_hot_out_width_p2_lo_to_hi_p1_9
core/fe/mem/icache/pe_invalid/a/genblk1_scan      12.9024     0.0      12.9024       0.0000      0.0000 bsg_scan_width_p2_or_p1_lo_to_hi_p1_9
core/fe/mem/icache/pe_invalid/b        18.4320      0.0        7.3728        0.0000       0.0000  bsg_encode_one_hot_width_p2_lo_to_hi_p1_5
core/fe/mem/icache/pe_invalid/b/aligned_left       5.5296     0.0       5.5296       0.0000      0.0000 bsg_encode_one_hot_width_p1_175
core/fe/mem/icache/pe_invalid/b/aligned_right       5.5296     0.0       5.5296       0.0000      0.0000 bsg_encode_one_hot_width_p1_174
core/fe/mem/icache/pe_load_hit         43.3152      0.0        0.0000        0.0000       0.0000  bsg_priority_encode_width_p2_lo_to_hi_p1_5
core/fe/mem/icache/pe_load_hit/a       24.8832      0.0       11.9808        0.0000       0.0000  bsg_priority_encode_one_hot_out_width_p2_lo_to_hi_p1_5
core/fe/mem/icache/pe_load_hit/a/genblk1_scan      12.9024     0.0      12.9024       0.0000      0.0000 bsg_scan_width_p2_or_p1_lo_to_hi_p1_5
core/fe/mem/icache/pe_load_hit/b       18.4320      0.0        7.3728        0.0000       0.0000  bsg_encode_one_hot_width_p2_lo_to_hi_p1_6
core/fe/mem/icache/pe_load_hit/b/aligned_left       5.5296     0.0       5.5296       0.0000      0.0000 bsg_encode_one_hot_width_p1_23
core/fe/mem/icache/pe_load_hit/b/aligned_right       5.5296     0.0       5.5296       0.0000      0.0000 bsg_encode_one_hot_width_p1_39
core/fe/mem/icache/read_mux_butterfly     707.7888     0.0       0.0000       0.0000      0.0000  bsg_mux_butterfly_width_p64_els_p2_7
core/fe/mem/icache/read_mux_butterfly/mux_stage_0__mux_swap_0__swap_inst     707.7888     0.0     707.7888       0.0000      0.0000 bsg_swap_width_p64_7
core/fe/mem/icache/stat_mem         13122.6622      0.5        0.0000        0.0000       0.0000  bsg_mem_1rw_sync_mask_write_bit_width_p1_els_p256_0
core/fe/mem/icache/stat_mem/notmacro_synth   13122.6622     0.5    6553.4975    6569.1647      0.0000 bsg_mem_1rw_sync_mask_write_bit_synth_width_p1_els_p256_0
core/fe/mem/icache/tag_mem         762029.5640     29.5        0.0000        0.0000       0.0000  bsg_mem_1rw_sync_mask_write_bit_width_p62_els_p256_2
core/fe/mem/icache/tag_mem/notmacro_synth  762029.5640    29.5  379624.5512  382405.0129      0.0000 bsg_mem_1rw_sync_mask_write_bit_synth_width_p62_els_p256_2
core/fe/mem/icache/write_mux_butterfly    1939.0464     0.1       0.0000       0.0000      0.0000 bsg_mux_butterfly_width_p64_els_p2_4
core/fe/mem/icache/write_mux_butterfly/mux_stage_0__mux_swap_0__swap_inst    1939.0464     0.1    1939.0464       0.0000      0.0000 bsg_swap_width_p64_4
core/fe/mem/itlb                    27264.6144      1.1      437.7600        0.0000       0.0000  bp_tlb_02_8_2
core/fe/mem/itlb/entry_ram          12973.3631      0.5        7.3728      846.0288       0.0000  bsg_mem_1rw_sync_width_p34_els_p8_2
core/fe/mem/itlb/entry_ram/z_s1r1w_mem   12119.9615     0.5       0.0000       0.0000      0.0000 bsg_mem_1r1w_width_p34_els_p8_read_write_same_addr_p0_2
core/fe/mem/itlb/entry_ram/z_s1r1w_mem/synth   12119.9615     0.5    5351.7312    6768.2303      0.0000 bsg_mem_1r1w_synth_width_p34_els_p8_read_write_same_addr_p0_harden_p0_2
core/fe/mem/itlb/miss_v_reg            35.9424      0.0       11.0592       24.8832       0.0000  bsg_dff_reset_width_p1_19
core/fe/mem/itlb/miss_vtag_reg        874.5984      0.0      202.7520      671.8464       0.0000  bsg_dff_reset_width_p27_2
core/fe/mem/itlb/plru                 536.3712      0.0      217.4976      174.1824       0.0000  bp_tlb_replacement_ways_p8_2
core/fe/mem/itlb/plru/decoder         105.0624      0.0      105.0624        0.0000       0.0000  bsg_lru_pseudo_tree_decode_ways_p8_2
core/fe/mem/itlb/plru/encoder          39.6288      0.0        5.5296        0.0000       0.0000  bsg_lru_pseudo_tree_encode_ways_p8_2
core/fe/mem/itlb/plru/encoder/rank_1__nz_mux      11.0592     0.0      11.0592       0.0000      0.0000 bsg_mux_width_p1_els_p2_2
core/fe/mem/itlb/plru/encoder/rank_2__nz_mux      23.0400     0.0      23.0400       0.0000      0.0000 bsg_mux_width_p1_els_p4_2
core/fe/mem/itlb/r_v_reg               35.9424      0.0       11.0592       24.8832       0.0000  bsg_dff_reset_width_p1_20
core/fe/mem/itlb/vtag_cam           12370.6369      0.5     6430.0033     5573.8367       0.0000  bsg_cam_1r1w_els_p8_width_p27_multiple_entries_p0_find_empty_entry_p1_2
core/fe/mem/itlb/vtag_cam/fi4_ohe     140.0832      0.0       27.6480        0.0000       0.0000  bsg_encode_one_hot_width_p8_lo_to_hi_p1_4
core/fe/mem/itlb/vtag_cam/fi4_ohe/aligned_left      51.6096     0.0      14.7456       0.0000      0.0000 bsg_encode_one_hot_width_p4_20
core/fe/mem/itlb/vtag_cam/fi4_ohe/aligned_left/aligned_left      18.4320     0.0       7.3728       0.0000      0.0000 bsg_encode_one_hot_width_p2_40
core/fe/mem/itlb/vtag_cam/fi4_ohe/aligned_left/aligned_left/aligned_left       5.5296     0.0       5.5296       0.0000      0.0000 bsg_encode_one_hot_width_p1_167
core/fe/mem/itlb/vtag_cam/fi4_ohe/aligned_left/aligned_left/aligned_right       5.5296     0.0       5.5296       0.0000      0.0000 bsg_encode_one_hot_width_p1_166
core/fe/mem/itlb/vtag_cam/fi4_ohe/aligned_left/aligned_right      18.4320     0.0       7.3728       0.0000      0.0000 bsg_encode_one_hot_width_p2_79
core/fe/mem/itlb/vtag_cam/fi4_ohe/aligned_left/aligned_right/aligned_left       5.5296     0.0       5.5296       0.0000      0.0000 bsg_encode_one_hot_width_p1_165
core/fe/mem/itlb/vtag_cam/fi4_ohe/aligned_left/aligned_right/aligned_right       5.5296     0.0       5.5296       0.0000      0.0000 bsg_encode_one_hot_width_p1_164
core/fe/mem/itlb/vtag_cam/fi4_ohe/aligned_right      60.8256     0.0      23.9616       0.0000      0.0000 bsg_encode_one_hot_width_p4_39
core/fe/mem/itlb/vtag_cam/fi4_ohe/aligned_right/aligned_left      18.4320     0.0       7.3728       0.0000      0.0000 bsg_encode_one_hot_width_p2_78
core/fe/mem/itlb/vtag_cam/fi4_ohe/aligned_right/aligned_left/aligned_left       5.5296     0.0       5.5296       0.0000      0.0000 bsg_encode_one_hot_width_p1_163
core/fe/mem/itlb/vtag_cam/fi4_ohe/aligned_right/aligned_left/aligned_right       5.5296     0.0       5.5296       0.0000      0.0000 bsg_encode_one_hot_width_p1_162
core/fe/mem/itlb/vtag_cam/fi4_ohe/aligned_right/aligned_right      18.4320     0.0       7.3728       0.0000      0.0000 bsg_encode_one_hot_width_p2_77
core/fe/mem/itlb/vtag_cam/fi4_ohe/aligned_right/aligned_right/aligned_left       5.5296     0.0       5.5296       0.0000      0.0000 bsg_encode_one_hot_width_p1_161
core/fe/mem/itlb/vtag_cam/fi4_ohe/aligned_right/aligned_right/aligned_right       5.5296     0.0       5.5296       0.0000      0.0000 bsg_encode_one_hot_width_p1_160
core/fe/mem/itlb/vtag_cam/fi5_epe     226.7136      0.0        0.0000        0.0000       0.0000  bsg_priority_encode_width_p8_lo_to_hi_p1_2
core/fe/mem/itlb/vtag_cam/fi5_epe/a     123.4944     0.0      66.3552        0.0000       0.0000  bsg_priority_encode_one_hot_out_width_p8_lo_to_hi_p1_2
core/fe/mem/itlb/vtag_cam/fi5_epe/a/genblk1_scan      57.1392     0.0      57.1392       0.0000      0.0000 bsg_scan_width_p8_or_p1_lo_to_hi_p1_2
core/fe/mem/itlb/vtag_cam/fi5_epe/b     103.2192     0.0       0.0000        0.0000       0.0000  bsg_encode_one_hot_width_p8_lo_to_hi_p1_6
core/fe/mem/itlb/vtag_cam/fi5_epe/b/aligned_left      51.6096     0.0      14.7456       0.0000      0.0000 bsg_encode_one_hot_width_p4_36
core/fe/mem/itlb/vtag_cam/fi5_epe/b/aligned_left/aligned_left      18.4320     0.0       7.3728       0.0000      0.0000 bsg_encode_one_hot_width_p2_72
core/fe/mem/itlb/vtag_cam/fi5_epe/b/aligned_left/aligned_left/aligned_left       5.5296     0.0       5.5296       0.0000      0.0000 bsg_encode_one_hot_width_p1_151
core/fe/mem/itlb/vtag_cam/fi5_epe/b/aligned_left/aligned_left/aligned_right       5.5296     0.0       5.5296       0.0000      0.0000 bsg_encode_one_hot_width_p1_150
core/fe/mem/itlb/vtag_cam/fi5_epe/b/aligned_left/aligned_right      18.4320     0.0       7.3728       0.0000      0.0000 bsg_encode_one_hot_width_p2_71
core/fe/mem/itlb/vtag_cam/fi5_epe/b/aligned_left/aligned_right/aligned_left       5.5296     0.0       5.5296       0.0000      0.0000 bsg_encode_one_hot_width_p1_149
core/fe/mem/itlb/vtag_cam/fi5_epe/b/aligned_left/aligned_right/aligned_right       5.5296     0.0       5.5296       0.0000      0.0000 bsg_encode_one_hot_width_p1_148
core/fe/mem/itlb/vtag_cam/fi5_epe/b/aligned_right      51.6096     0.0      14.7456       0.0000      0.0000 bsg_encode_one_hot_width_p4_35
core/fe/mem/itlb/vtag_cam/fi5_epe/b/aligned_right/aligned_left      18.4320     0.0       7.3728       0.0000      0.0000 bsg_encode_one_hot_width_p2_70
core/fe/mem/itlb/vtag_cam/fi5_epe/b/aligned_right/aligned_left/aligned_left       5.5296     0.0       5.5296       0.0000      0.0000 bsg_encode_one_hot_width_p1_147
core/fe/mem/itlb/vtag_cam/fi5_epe/b/aligned_right/aligned_left/aligned_right       5.5296     0.0       5.5296       0.0000      0.0000 bsg_encode_one_hot_width_p1_146
core/fe/mem/itlb/vtag_cam/fi5_epe/b/aligned_right/aligned_right      18.4320     0.0       7.3728       0.0000      0.0000 bsg_encode_one_hot_width_p2_69
core/fe/mem/itlb/vtag_cam/fi5_epe/b/aligned_right/aligned_right/aligned_left       5.5296     0.0       5.5296       0.0000      0.0000 bsg_encode_one_hot_width_p1_145
core/fe/mem/itlb/vtag_cam/fi5_epe/b/aligned_right/aligned_right/aligned_right       5.5296     0.0       5.5296       0.0000      0.0000 bsg_encode_one_hot_width_p1_144
core/fe/mem/pma                        35.9424      0.0       35.9424        0.0000       0.0000  bp_pma_02_2
core/fe/pc_gen                     221408.8693      8.6     5160.0384       49.7664       0.0000  bp_fe_pc_gen_02_0
core/fe/pc_gen/DP_OP_40_135_3917     2227.5072      0.1     2227.5072        0.0000       0.0000  bp_fe_pc_gen_02_DP_OP_40_135_3917_3_0
core/fe/pc_gen/bp_fe_bht            64804.1468      2.5    39323.7503    25480.3965       0.0000  bp_fe_bht_bht_idx_width_p9_0
core/fe/pc_gen/branch_metadata_fwd_reg     975.0528     0.0     328.0896     646.9632      0.0000 bsg_dff_reset_en_width_p28_2
core/fe/pc_gen/btb                 143614.7705      5.6     2020.1472     2015.5392       0.0000  bp_fe_btb_vaddr_width_p39_btb_tag_width_p10_btb_idx_width_p6_0
core/fe/pc_gen/btb/tag_mem         139579.0841      5.4       36.8640     1219.2768       0.0000  bsg_mem_1rw_sync_width_p49_els_p64_0
core/fe/pc_gen/btb/tag_mem/z_s1r1w_mem  138322.9433     5.4       0.0000       0.0000      0.0000 bsg_mem_1r1w_width_p49_els_p64_read_write_same_addr_p0_0
core/fe/pc_gen/btb/tag_mem/z_s1r1w_mem/synth  138322.9433     5.4   60289.2291   78033.7142      0.0000 bsg_mem_1r1w_synth_width_p49_els_p64_read_write_same_addr_p0_harden_p0_0
core/fe/pc_gen/instr_scan             310.5792      0.0      310.5792        0.0000       0.0000  bp_fe_instr_scan_02_0
core/fe/pc_gen/pc_gen_stage_reg      2677.2480      0.1      611.9424     2065.3056       0.0000  bsg_dff_reset_width_p84_0
core/fe/pc_gen/pc_resume_reg         1465.3440      0.1      494.8992      970.4448       0.0000  bsg_dff_reset_en_width_p39_0
core/fe/pc_gen/shadow_priv_reg         81.1008      0.0       31.3344       49.7664       0.0000  bsg_dff_reset_en_width_p2_0
core/fe/pc_gen/shadow_translation_en_reg      43.3152     0.0      18.4320      24.8832      0.0000 bsg_dff_reset_en_width_p1_12
core/fe_cmd_fifo                    14026.7521      0.5        0.0000        0.0000       0.0000  bsg_fifo_1r1w_small_width_p78_els_p4_ready_THEN_valid_p1_0
core/fe_cmd_fifo/unhardened_fifo    14026.7521      0.5        5.5296        0.0000       0.0000  bsg_fifo_1r1w_small_unhardened_width_p78_els_p4_ready_THEN_valid_p1_0
core/fe_cmd_fifo/unhardened_fifo/ft     339.1488     0.0      73.7280       49.7664       0.0000  bsg_fifo_tracker_els_p4_0
core/fe_cmd_fifo/unhardened_fifo/ft/rptr     107.8272     0.0      58.0608      49.7664      0.0000 bsg_circular_ptr_slots_p4_max_add_p1_2
core/fe_cmd_fifo/unhardened_fifo/ft/wptr     107.8272     0.0      58.0608      49.7664      0.0000 bsg_circular_ptr_slots_p4_max_add_p1_3
core/fe_cmd_fifo/unhardened_fifo/mem_1r1w   13682.0737     0.5       0.0000       0.0000      0.0000 bsg_mem_1r1w_width_p78_els_p4_read_write_same_addr_p0_0
core/fe_cmd_fifo/unhardened_fifo/mem_1r1w/synth   13682.0737     0.5    6018.0482    7664.0255      0.0000 bsg_mem_1r1w_synth_width_p78_els_p4_read_write_same_addr_p0_harden_p0_0
core/fe_queue_fifo                  35427.2255      1.4      507.8016        0.0000       0.0000  bsg_fifo_1r1w_rolly_width_p101_els_p8_ready_THEN_valid_p1_0
core/fe_queue_fifo/cptr               214.7328      0.0      115.2000       99.5328       0.0000  bsg_circular_ptr_slots_p16_max_add_p1_0
core/fe_queue_fifo/fifo_mem         34218.0863      1.3        0.0000        0.0000       0.0000  bsg_mem_1r1w_width_p101_els_p8_0
core/fe_queue_fifo/fifo_mem/synth   34218.0863      1.3    14709.6577    19508.4286       0.0000  bsg_mem_1r1w_synth_width_p101_els_p8_read_write_same_addr_p0_harden_p0_0
core/fe_queue_fifo/rptr_circ_ptr      243.3024      0.0      143.7696       99.5328       0.0000  bsg_circular_ptr_slots_p16_max_add_p15_3
core/fe_queue_fifo/wptr               243.3024      0.0      143.7696       99.5328       0.0000  bsg_circular_ptr_slots_p16_max_add_p15_2
fifo_0__mem_fifo                     1736.2944      0.1       31.3344        0.0000       0.0000  bsg_one_fifo_width_p184_2
fifo_0__mem_fifo/dff                 1653.3504      0.1      508.7232     1144.6272       0.0000  bsg_dff_en_width_p184_harden_p0_2
fifo_0__mem_fifo/dff_full              51.6096      0.0       26.7264       24.8832       0.0000  bsg_dff_reset_width_p1_11
fifo_1__mem_fifo                     4108.4928      0.2       25.8048        0.0000       0.0000  bsg_one_fifo_width_p184_3
fifo_1__mem_fifo/dff                 4031.0784      0.2     1244.1600     2786.9184       0.0000  bsg_dff_en_width_p184_harden_p0_3
fifo_1__mem_fifo/dff_full              51.6096      0.0       26.7264       24.8832       0.0000  bsg_dff_reset_width_p1_21
mem_arbiter                            33.1776      0.0       14.7456        0.0000       0.0000  bsg_arb_fixed_inputs_p2_lo_to_hi_p0_0
mem_arbiter/enc                        18.4320      0.0       11.0592        0.0000       0.0000  bsg_priority_encode_one_hot_out_width_p2_lo_to_hi_p0_0
mem_arbiter/enc/genblk1_scan            7.3728      0.0        7.3728        0.0000       0.0000  bsg_scan_width_p2_or_p1_lo_to_hi_p0_0
uce_0__uce                           4799.6928      0.2     2577.7152       99.5328       0.0000  bp_uce_02_2
uce_0__uce/cache_req_reg             1607.2704      0.1      537.2928     1069.9776       0.0000  bsg_dff_reset_en_width_p110_2
uce_0__uce/index_counter              432.2304      0.0      233.1648      199.0656       0.0000  bsg_counter_set_down_width_p8_2
uce_0__uce/metadata_reg                47.0016      0.0       11.0592        0.0000       0.0000  bsg_dff_en_bypass_width_p2_2
uce_0__uce/metadata_reg/dff            35.9424      0.0       11.0592       24.8832       0.0000  bsg_dff_en_width_p2_harden_p0_strength_p0_2
uce_0__uce/metadata_v_reg              35.9424      0.0        0.0000        0.0000       0.0000  bsg_dff_en_bypass_width_p1_2
uce_0__uce/metadata_v_reg/dff          35.9424      0.0       11.0592       24.8832       0.0000  bsg_dff_en_width_p1_harden_p0_strength_p0_2
uce_1__uce                          13953.0239      0.5     3222.8352      149.2992       0.0000  bp_uce_02_3
uce_1__uce/cache_req_reg             4063.3343      0.2     1351.0656     2712.2688       0.0000  bsg_dff_reset_en_width_p110_3
uce_1__uce/dirty_data_reg            4633.8048      0.2       33.1776        0.0000       0.0000  bsg_dff_en_bypass_width_p128_1
uce_1__uce/dirty_data_reg/dff        4600.6272      0.2     1415.5776     3185.0496       0.0000  bsg_dff_en_width_p128_harden_p0_strength_p0_1
uce_1__uce/dirty_tag_reg             1321.5744      0.1      315.1872        0.0000       0.0000  bsg_dff_en_bypass_width_p28_1
uce_1__uce/dirty_tag_reg/dff         1006.3872      0.0      309.6576      696.7296       0.0000  bsg_dff_en_width_p28_harden_p0_strength_p0_1
uce_1__uce/index_counter              432.2304      0.0      233.1648      199.0656       0.0000  bsg_counter_set_down_width_p8_3
uce_1__uce/metadata_reg                94.0032      0.0       22.1184        0.0000       0.0000  bsg_dff_en_bypass_width_p2_3
uce_1__uce/metadata_reg/dff            71.8848      0.0       22.1184       49.7664       0.0000  bsg_dff_en_width_p2_harden_p0_strength_p0_3
uce_1__uce/metadata_v_reg              35.9424      0.0        0.0000        0.0000       0.0000  bsg_dff_en_bypass_width_p1_3
uce_1__uce/metadata_v_reg/dff          35.9424      0.0       11.0592       24.8832       0.0000  bsg_dff_en_width_p1_harden_p0_strength_p0_3
--------------------------------  ------------  -------  ------------  ------------  -----------  -------------------------------------------------------------------------
Total                                                    1142725.9430  1069436.6076  367620.9219

1
